The formula
 □[0s,∞) (∀y:int. (y:int <- SUM(x:int; ; ⧫[0s,∞) A(x:int))) → B(y:int))
is enforceable and types to
 □[0s,∞) ((∀y:int. ((y:int <- SUM(x:int; ; ⧫[0s,∞) A(x:int))) →:R (B(y:int) : Cau) : Cau)) : Cau) : Cau
[Enforcer] @1 reactively commands:
Cause:
B(1)
OK.
[Enforcer] @1 nothing to do proactively.
[Enforcer] @2 reactively commands:
Cause:
B(3)
OK.
[Enforcer] @2 nothing to do proactively.
[Enforcer] @3 reactively commands:
Cause:
B(6)
OK.
