The formula
 □[0s,∞) (∀x:int. D(x:int) ∨ B(x:int) → D(g(x:int)))
is enforceable and types to
 □[0s,∞) ((∀x:int. (B(x:int) ∨ D(x:int) →:R (D(g(x:int)) : Cau) : Cau)) : Cau) : Cau
[Enforcer] @1 reactively commands:
Cause:
D(0), D(1)
OK.
[Enforcer] @1 nothing to do proactively.
[Enforcer] @2 reactively commands:
Cause:
D(0), D(1), D(2)
OK.
[Enforcer] @2 nothing to do proactively.
[Enforcer] @3 reactively commands:
Cause:
D(0), D(1), D(2), D(3)
OK.
