The formula
 □[0s,∞) (∀x:int. B(x:int) → B(1)) ∧ (∀x:int. B(x:int) → B(0)) ∧ (∀x:int. A(x:int) → B(x:int))
is enforceable and types to
 □[0s,∞) (((∀x:int. (A(x:int) →:R (B(x:int) : Cau) : Cau)) : Cau) ∧:L ((∀x:int. (B(x:int) →:R (B(0) : Cau) : Cau)) : Cau) ∧:L ((∀x:int. (B(x:int) →:R (B(1) : Cau) : Cau)) : Cau) : Cau) : Cau
[Enforcer] @1 reactively commands:
Cause:
B(0), B(1)
OK.
[Enforcer] @1 nothing to do proactively.
[Enforcer] @2 reactively commands:
Cause:
B(0), B(1)
OK.
[Enforcer] @2 nothing to do proactively.
[Enforcer] @3 reactively commands:
Cause:
B(0), B(1), B(3)
OK.
