The formula
 □[0s,∞) (∀x:int. A(x:int) → C(x:int) →:R B(x:int))
is enforceable and types to
 □[0s,∞) ((∀x:int. (A(x:int) →:R (C(x:int) →:R (B(x:int) : Cau) : Cau) : Cau)) : Cau) : Cau
[Enforcer] @1 OK.
[Enforcer] @1 nothing to do proactively.
[Enforcer] @2 reactively commands:
Cause:
B(3)
OK.
[Enforcer] @2 nothing to do proactively.
[Enforcer] @3 OK.
