The formula
 □[0s,∞) ¬(C(3) U[0s,10s] C(2))
is enforceable and types to
 □[0s,∞) (¬((C(3) U[0s,10s]:R (C(2) : Sup)) : Sup) : Cau) : Cau
[Enforcer] @10 OK.
[Enforcer] @10 nothing to do proactively.
[Enforcer] @11 nothing to do proactively.
[Enforcer] @12 nothing to do proactively.
[Enforcer] @13 nothing to do proactively.
[Enforcer] @14 nothing to do proactively.
[Enforcer] @15 nothing to do proactively.
[Enforcer] @16 nothing to do proactively.
[Enforcer] @17 nothing to do proactively.
[Enforcer] @18 nothing to do proactively.
[Enforcer] @19 nothing to do proactively.
[Enforcer] @20 OK.
[Enforcer] @20 nothing to do proactively.
[Enforcer] @21 nothing to do proactively.
[Enforcer] @22 nothing to do proactively.
[Enforcer] @23 nothing to do proactively.
[Enforcer] @24 nothing to do proactively.
[Enforcer] @25 nothing to do proactively.
[Enforcer] @26 nothing to do proactively.
[Enforcer] @27 nothing to do proactively.
[Enforcer] @28 nothing to do proactively.
[Enforcer] @29 nothing to do proactively.
[Enforcer] @30 OK.
[Enforcer] @30 nothing to do proactively.
[Enforcer] @31 nothing to do proactively.
[Enforcer] @32 nothing to do proactively.
[Enforcer] @33 nothing to do proactively.
[Enforcer] @34 nothing to do proactively.
[Enforcer] @35 nothing to do proactively.
[Enforcer] @36 nothing to do proactively.
[Enforcer] @37 nothing to do proactively.
[Enforcer] @38 nothing to do proactively.
[Enforcer] @39 nothing to do proactively.
[Enforcer] @40 reactively commands:
Suppress:
C(2)
OK.
[Enforcer] @40 nothing to do proactively.
[Enforcer] @41 nothing to do proactively.
[Enforcer] @42 nothing to do proactively.
[Enforcer] @43 nothing to do proactively.
[Enforcer] @44 nothing to do proactively.
[Enforcer] @45 nothing to do proactively.
[Enforcer] @46 nothing to do proactively.
[Enforcer] @47 nothing to do proactively.
[Enforcer] @48 nothing to do proactively.
[Enforcer] @49 nothing to do proactively.
[Enforcer] @50 reactively commands:
Suppress:
C(2)
OK.
[Enforcer] @50 nothing to do proactively.
[Enforcer] @51 nothing to do proactively.
[Enforcer] @52 nothing to do proactively.
[Enforcer] @53 nothing to do proactively.
[Enforcer] @54 nothing to do proactively.
[Enforcer] @55 nothing to do proactively.
[Enforcer] @56 nothing to do proactively.
[Enforcer] @57 nothing to do proactively.
[Enforcer] @58 nothing to do proactively.
[Enforcer] @59 nothing to do proactively.
[Enforcer] @60 OK.
