version https://git-lfs.github.com/spec/v1
oid sha256:18b82a8e644824f8634eb4a813105c359cceb5ac152523b0e14f5817f540d9d0
size 259200330
