The formula
 □[0s,∞) (∀x:int. A(x:int) → ¬C(x:int))
is enforceable and types to
 □[0s,∞) ((∀x:int. (A(x:int) →:R (¬(C(x:int) : Sup) : Cau) : Cau)) : Cau) : Cau
[Enforcer] @1 OK.
[Enforcer] @1 nothing to do proactively.
[Enforcer] @2 reactively commands:
Suppress:
C(2)
OK.
[Enforcer] @2 nothing to do proactively.
[Enforcer] @3 OK.
