The formula
 □[0s,∞) (⧫[1s,1s] ◊[1s,1s] A(1) → B(1))
is enforceable and types to
 □[0s,∞) ((⧫[1s,1s] ◊[1s,1s] A(1) →:R (B(1) : Cau)) : Cau) : Cau
This formula cannot be transparently enforced.
[Enforcer] @1 reactively commands:
Cause:
B(1)
OK.
[Enforcer] @1 nothing to do proactively.
[Enforcer] @2 reactively commands:
Cause:
B(1)
OK.
[Enforcer] @2 nothing to do proactively.
[Enforcer] @3 reactively commands:
Cause:
B(1)
OK.
