The formula
 □[0s,∞) (⧫[0s,0s] ⧫[0s,0s] A(1) → B(1))
is enforceable and types to
 □[0s,∞) ((⧫[0s,0s] ⧫[0s,0s] A(1) →:R (B(1) : Cau)) : Cau) : Cau
[Enforcer] @1 reactively commands:
Cause:
B(1)
OK.
[Enforcer] @1 nothing to do proactively.
[Enforcer] @2 OK.
[Enforcer] @2 nothing to do proactively.
[Enforcer] @3 OK.
