The formula
 ¬BC(1) ∧ BC(1)
is not enforceable because the constraint
 t(BC) ≽ causable ∧ CauSup ≽ t(BC) ∧ t(BC) ≽ suppressable
has no solution.
