The formula
 A(x:int)
is not closed: free variables are x:int
