The formula
 □[0s,∞) (∀s:int. ∀y:int. (s:int <- MAX(x:int; y:int; ⧫[0s,∞) C(x:int, y:int))) → C(s:int, y:int))
is enforceable and types to
 □[0s,∞) ((∀s:int. (∀y:int. ((s:int <- MAX(x:int; y:int; ⧫[0s,∞) C(x:int, y:int))) →:R (C(s:int, y:int) : Cau) : Cau) : Cau)) : Cau) : Cau
[Enforcer] @1 OK.
[Enforcer] @1 nothing to do proactively.
[Enforcer] @2 OK.
[Enforcer] @2 nothing to do proactively.
[Enforcer] @3 OK.
