The formula
 □[0s,∞) (∀s:int. (s:int <- MAX(x:int; ; ⧫[0s,∞) C(x:int, x:int))) → C(s:int, s:int))
is enforceable and types to
 □[0s,∞) ((∀s:int. ((s:int <- MAX(x:int; ; ⧫[0s,∞) C(x:int, x:int))) →:R (C(s:int, s:int) : Cau) : Cau)) : Cau) : Cau
[Enforcer] @1 reactively commands:
Cause:
C(-4611686018427387904, -4611686018427387904)
OK.
[Enforcer] @1 nothing to do proactively.
[Enforcer] @2 reactively commands:
Cause:
C(-4611686018427387904, -4611686018427387904)
OK.
[Enforcer] @2 nothing to do proactively.
[Enforcer] @3 reactively commands:
Cause:
C(-4611686018427387904, -4611686018427387904)
OK.
