The formula
 □[0s,∞) (C(0) → B(0))
is enforceable and types to
 □[0s,∞) (((C(0) : Bot) →:R (B(0) : Cau)) : causable) : causable
This formula cannot be transparently enforced.
[Enforcer] @1 reactively commands:
Cause:
B(0)
OK.
[Enforcer] @1 nothing to do proactively.
[Enforcer] @2 reactively commands:
Cause:
B(0)
OK.
[Enforcer] @2 nothing to do proactively.
[Enforcer] @3 reactively commands:
Cause:
B(0)
OK.
