The formula
 □[0s,∞) (∀x:int. B(x:int) → B(eq(x:int, x:int)))
is enforceable and types to
 □[0s,∞) ((∀x:int. (B(x:int) →:R (B(eq(x:int, x:int)) : Cau) : Cau)) : Cau) : Cau
[Enforcer] @1 OK.
[Enforcer] @1 nothing to do proactively.
[Enforcer] @2 reactively commands:
Cause:
B(1)
OK.
[Enforcer] @2 nothing to do proactively.
[Enforcer] @3 OK.
