The formula
 □[0s,∞) (∀x:int. B(x:int) → B(add(x:int, 1)))
is not enforceable because the constraint
 t(B) ≽ non-strictly causable ∧ Cau ≽ t(B) ∧ SCau ≽ t(B)
has no solution.
